////////////////////////////////////////////////////////////////////////////////
// Impulse v23.3.0.2
// Build date and time:  2023-09-29 15:22:00
// Internal revision:    branch HEAD - hash c27499706...
//
// Distribution:         Ubuntu 22.04.4 LTS
// Execution date:       ter jul 2 21:51:46 2024
// Command line:         /opt/NanoXplore/impulse-23-3/bin/impulse 
// Process ID:           18276
////////////////////////////////////////////////////////////////////////////////

21:59:29:info     |     ----------------------------------------------
21:59:29:info     |     - Memory Cells analysis                      -
21:59:29:info     |     ----------------------------------------------
22:00:11:info     |     ----------------------------------------------
22:00:11:info     |     - Memory Cells analysis                      -
22:00:11:info     |     ----------------------------------------------
22:00:21:info     |     ----------------------------------------------
22:00:21:info     |     - Memory Cells analysis                      -
22:00:21:info     |     ----------------------------------------------
22:00:46:info     |     ----------------------------------------------
22:00:46:info     |     - Memory Cells analysis                      -
22:00:46:info     |     ----------------------------------------------
22:02:43:info     |     ----------------------------------------------
22:02:43:info     |     - Memory Cells analysis                      -
22:02:43:info     |     ----------------------------------------------
22:02:57:info     |     ----------------------------------------------
22:02:57:info     |     - Memory Cells analysis                      -
22:02:57:info     |     ----------------------------------------------
22:02:59:info     |   ////////////////////////////////////////////////////////////////////////////////
22:02:59:info     |   // Synthesized Data
22:02:59:info     |   ////////////////////////////////////////////////////////////////////////////////
22:02:59:info     |   Synthesized Memories : 
22:02:59:info     |     
22:02:59:info     |     ----------------------------------------------
22:02:59:info     |     - Memory Instances processing                -
22:02:59:info     |     ----------------------------------------------
22:03:00:info     |       	Nothing to report
22:03:00:info     |       
22:03:00:info     |       NX_RF and NX_RAM usage summary
22:03:00:info     |       	Nothing to report
22:03:00:info     |   ////////////////////////////////////////////////////////////////////////////////
22:03:00:info     |   // Mapped Data
22:03:00:info     |   ////////////////////////////////////////////////////////////////////////////////
22:03:00:info     |   Mapped Memories : 
