////////////////////////////////////////////////////////////////////////////////
// Impulse v23.3.0.2
// Build date and time:  2023-09-29 15:22:00
// Internal revision:    branch HEAD - hash c27499706...
//
// Distribution:         Ubuntu 22.04.4 LTS
// Execution date:       ter jul 2 21:51:46 2024
// Command line:         /opt/NanoXplore/impulse-23-3/bin/impulse 
// Process ID:           18276
////////////////////////////////////////////////////////////////////////////////

22:02:59:info     |   ////////////////////////////////////////////////////////////////////////////////
22:02:59:info     |   // Synthesized Data
22:02:59:info     |   ////////////////////////////////////////////////////////////////////////////////
22:02:59:info     |   Summary
22:02:59:info     |   +-----------+-------+------------+-------+-----------+
                  |   | Registers | Buses | Clock Nets | Inits | No Resets |
                  |   +-----------+-------+------------+-------+-----------+
                  |   | 0         | 0     | 0          | 0     | 0         |
                  |   +-----------+-------+------------+-------+-----------+
                  |   
22:02:59:info     |   Nothing to report
22:03:00:info     |   ////////////////////////////////////////////////////////////////////////////////
22:03:00:info     |   // Mapped Data
22:03:00:info     |   ////////////////////////////////////////////////////////////////////////////////
22:03:00:info     |   Summary
22:03:00:info     |   +-----------+-------+------------+-------+-----------+
                  |   | Registers | Buses | Clock Nets | Inits | No Resets |
                  |   +-----------+-------+------------+-------+-----------+
                  |   | 0         | 0     | 0          | 27    | 27        |
                  |   +-----------+-------+------------+-------+-----------+
                  |   
22:03:00:info     |   Nothing to report
22:03:01:info     |   ////////////////////////////////////////////////////////////////////////////////
22:03:01:info     |   // Converted Data
22:03:01:info     |   ////////////////////////////////////////////////////////////////////////////////
22:03:01:info     |   Summary
22:03:01:info     |   +-----------+-------+------------+-------+-----------+
                  |   | Registers | Buses | Clock Nets | Inits | No Resets |
                  |   +-----------+-------+------------+-------+-----------+
                  |   | 0         | 0     | 0          | 27    | 27        |
                  |   +-----------+-------+------------+-------+-----------+
                  |   
22:03:01:info     |   Nothing to report
22:05:28:info     |   ////////////////////////////////////////////////////////////////////////////////
22:05:28:info     |   // Prepared Data
22:05:28:info     |   ////////////////////////////////////////////////////////////////////////////////
22:05:28:info     |   Summary
22:05:28:info     |   +-----------+-------+------------+-------+-----------+
                  |   | Registers | Buses | Clock Nets | Inits | No Resets |
                  |   +-----------+-------+------------+-------+-----------+
                  |   | 0         | 0     | 0          | 27    | 27        |
                  |   +-----------+-------+------------+-------+-----------+
                  |   
22:05:28:info     |   Nothing to report
22:05:28:info     |   ////////////////////////////////////////////////////////////////////////////////
22:05:28:info     |   // Spreaded Data
22:05:28:info     |   ////////////////////////////////////////////////////////////////////////////////
22:05:28:info     |   Summary
22:05:28:info     |   +-----------+-------+------------+-------+-----------+
                  |   | Registers | Buses | Clock Nets | Inits | No Resets |
                  |   +-----------+-------+------------+-------+-----------+
                  |   | 0         | 0     | 0          | 27    | 27        |
                  |   +-----------+-------+------------+-------+-----------+
                  |   
22:05:28:info     |   Nothing to report
22:05:28:info     |   ////////////////////////////////////////////////////////////////////////////////
22:05:28:info     |   // Placed Data
22:05:28:info     |   ////////////////////////////////////////////////////////////////////////////////
22:05:28:info     |   Summary
22:05:28:info     |   +-----------+-------+------------+-------+-----------+
                  |   | Registers | Buses | Clock Nets | Inits | No Resets |
                  |   +-----------+-------+------------+-------+-----------+
                  |   | 0         | 0     | 0          | 27    | 27        |
                  |   +-----------+-------+------------+-------+-----------+
                  |   
22:05:28:info     |   Nothing to report
22:05:29:info     |   ////////////////////////////////////////////////////////////////////////////////
22:05:29:info     |   // Polished Data
22:05:29:info     |   ////////////////////////////////////////////////////////////////////////////////
22:05:29:info     |   Summary
22:05:29:info     |   +-----------+-------+------------+-------+-----------+
                  |   | Registers | Buses | Clock Nets | Inits | No Resets |
                  |   +-----------+-------+------------+-------+-----------+
                  |   | 0         | 0     | 0          | 27    | 27        |
                  |   +-----------+-------+------------+-------+-----------+
                  |   
22:05:29:info     |   Nothing to report
22:05:29:info     |   ////////////////////////////////////////////////////////////////////////////////
22:05:29:info     |   // Squaded Data
22:05:29:info     |   ////////////////////////////////////////////////////////////////////////////////
22:05:29:info     |   Summary
22:05:29:info     |   +-----------+-------+------------+-------+-----------+
                  |   | Registers | Buses | Clock Nets | Inits | No Resets |
                  |   +-----------+-------+------------+-------+-----------+
                  |   | 0         | 0     | 0          | 27    | 27        |
                  |   +-----------+-------+------------+-------+-----------+
                  |   
22:05:29:info     |   Nothing to report
22:05:33:info     |   ////////////////////////////////////////////////////////////////////////////////
22:05:33:info     |   // Grouped Data
22:05:33:info     |   ////////////////////////////////////////////////////////////////////////////////
22:05:33:info     |   Summary
22:05:33:info     |   +-----------+-------+------------+-------+-----------+
                  |   | Registers | Buses | Clock Nets | Inits | No Resets |
                  |   +-----------+-------+------------+-------+-----------+
                  |   | 0         | 0     | 0          | 27    | 27        |
                  |   +-----------+-------+------------+-------+-----------+
                  |   
22:05:33:info     |   Nothing to report
22:05:33:info     |   ////////////////////////////////////////////////////////////////////////////////
22:05:33:info     |   // Spotted Data
22:05:33:info     |   ////////////////////////////////////////////////////////////////////////////////
22:05:33:info     |   Summary
22:05:33:info     |   +-----------+-------+------------+-------+-----------+
                  |   | Registers | Buses | Clock Nets | Inits | No Resets |
                  |   +-----------+-------+------------+-------+-----------+
                  |   | 0         | 0     | 0          | 27    | 27        |
                  |   +-----------+-------+------------+-------+-----------+
                  |   
22:05:33:info     |   Nothing to report
22:05:43:info     |         +-----------+------+------------+------+-----------+-------------+-----------+----------+------------+
                  |         |   Name    | Size | Max Fanout | Type | Clock Net | Sensitivity | Reset Net | Load Net |   Source   |
                  |         +-----------+------+------------+------+-----------+-------------+-----------+----------+------------+
                  |         | count_reg |   27 |          3 | DFF  | clk       | Rising      | None      | None     | blink.v:12 |
                  |         +-----------+------+------------+------+-----------+-------------+-----------+----------+------------+
                  |         
22:05:43:info     |         Bus Total: 1
22:05:43:info     |       ////////////////////////////////////////////////////////////////////////////////
22:05:43:info     |       // Routed Data
22:05:43:info     |       ////////////////////////////////////////////////////////////////////////////////
22:05:43:info     |         count_reg: 27/[0-26]
22:05:43:info     |         --------------------
22:05:43:info     |           Type:          DFF
22:05:43:info     |           Clock Net:     clk
22:05:43:info     |           Sensitivity:   Rising
22:05:43:info     |           Source:        /home/desktop/Projects/large-blinker/src/blink.v:12
22:05:43:info     |           +---------------+------------+
                  |           | Name          | FanOut     |
                  |           +---------------+------------+
                  |           | count_reg[17] | 2          |
                  |           | count_reg[19] | 2          |
                  |           | count_reg[22] | 2          |
                  |           | count_reg[10] | 2          |
                  |           | count_reg[25] | 2          |
                  |           | count_reg[6]  | 2          |
                  |           | count_reg[11] | 2          |
                  |           | count_reg[23] | 2          |
                  |           | count_reg[13] | 2          |
                  |           | count_reg[2]  | 2          |
                  |           | count_reg[24] | 2          |
                  |           | count_reg[18] | 2          |
                  |           | count_reg[15] | 2          |
                  |           | count_reg[8]  | 2          |
                  |           | count_reg[20] | 2          |
                  |           | count_reg[9]  | 2          |
                  |           | count_reg[14] | 2          |
                  |           | count_reg[0]  | 2          |
                  |           | count_reg[16] | 2          |
                  |           | count_reg[3]  | 2          |
                  |           | count_reg[1]  | 2          |
                  |           | count_reg[12] | 2          |
                  |           | count_reg[5]  | 2          |
                  |           | count_reg[26] | 3          |
                  |           | count_reg[21] | 2          |
                  |           | count_reg[4]  | 2          |
                  |           | count_reg[7]  | 2          |
                  |           +---------------+------------+
                  |           
22:05:43:info     |           
22:05:43:info     |         Bus Total: 1
22:05:43:info     |         Register Total: 27

22:05:43:info     |   ////////////////////////////////////////////////////////////////////////////////
22:05:43:info     |   // Routed Data
22:05:43:info     |   ////////////////////////////////////////////////////////////////////////////////
22:05:43:info     |   Summary
22:05:43:info     |   +-----------+-------+------------+-------+-----------+
                  |   | Registers | Buses | Clock Nets | Inits | No Resets |
                  |   +-----------+-------+------------+-------+-----------+
                  |   | 27        | 1     | 1          | 27    | 27        |
                  |   +-----------+-------+------------+-------+-----------+
                  |   
22:05:43:info     |   +----------------------+------+------------+-----------+----------+-----------+------------+-----------------------------------------------------+-------------+
                  |   | Name                 | Type | Bus (size) | Clock Net | Load Net | Reset Net | Reset Mode | Source                                              | Sensitivity |
                  |   +----------------------+------+------------+-----------+----------+-----------+------------+-----------------------------------------------------+-------------+
                  |   | count_reg: 27/[0-26] | DFF  | X(27)      | clk       |          |           |            | /home/desktop/Projects/large-blinker/src/blink.v:12 | Rising      |
                  |   +----------------------+------+------------+-----------+----------+-----------+------------+-----------------------------------------------------+-------------+
                  |   
22:05:43:info     |   count_reg: 27/[0-26]
22:05:43:info     |     Type:          DFF
22:05:43:info     |     Clock Net:     clk
22:05:43:info     |     Sensitivity:   Rising
22:05:43:info     |     Source:        /home/desktop/Projects/large-blinker/src/blink.v:12
22:05:43:info     |     +---------------+--------+
                  |     | Name          | FanOut |
                  |     +---------------+--------+
                  |     | count_reg[17] | 2      |
                  |     | count_reg[19] | 2      |
                  |     | count_reg[22] | 2      |
                  |     | count_reg[10] | 2      |
                  |     | count_reg[25] | 2      |
                  |     | count_reg[6]  | 2      |
                  |     | count_reg[11] | 2      |
                  |     | count_reg[23] | 2      |
                  |     | count_reg[13] | 2      |
                  |     | count_reg[2]  | 2      |
                  |     | count_reg[24] | 2      |
                  |     | count_reg[18] | 2      |
                  |     | count_reg[15] | 2      |
                  |     | count_reg[8]  | 2      |
                  |     | count_reg[20] | 2      |
                  |     | count_reg[9]  | 2      |
                  |     | count_reg[14] | 2      |
                  |     | count_reg[0]  | 2      |
                  |     | count_reg[16] | 2      |
                  |     | count_reg[3]  | 2      |
                  |     | count_reg[1]  | 2      |
                  |     | count_reg[12] | 2      |
                  |     | count_reg[5]  | 2      |
                  |     | count_reg[26] | 3      |
                  |     | count_reg[21] | 2      |
                  |     | count_reg[4]  | 2      |
                  |     | count_reg[7]  | 2      |
                  |     +---------------+--------+
                  |     
22:05:43:info     |     
